device: mps
RTE sizes: train=2489 dev=277
RTE small-data train: 249 samples (10%)

===== group baseline =====
Loading weights:   0%|          | 0/199 [00:00<?, ?it/s]Loading weights: 100%|██████████| 199/199 [00:00<00:00, 38437.32it/s]
[transformers] [1mElectraForSequenceClassification LOAD REPORT[0m from: /Users/mac/Programming/code-2026/Middle-Eigen-function/models/models/google--electra-small-discriminator/snapshots/master
Key                                               | Status     | 
--------------------------------------------------+------------+-
discriminator_predictions.dense.bias              | UNEXPECTED | 
discriminator_predictions.dense.weight            | UNEXPECTED | 
discriminator_predictions.dense_prediction.bias   | UNEXPECTED | 
discriminator_predictions.dense_prediction.weight | UNEXPECTED | 
classifier.dense.bias                             | MISSING    | 
classifier.out_proj.bias                          | MISSING    | 
classifier.dense.weight                           | MISSING    | 
classifier.out_proj.weight                        | MISSING    | 

Notes:
- UNEXPECTED:	can be ignored when loading from different task/architecture; not ok if you expect identical arch.
- MISSING:	those params were newly initialized because missing from the checkpoint. Consider training on your downstream task.
[baseline] ep1 train_loss=0.684 train_acc=0.518 dev_loss=0.698 dev_acc=0.473
[baseline] ep2 train_loss=0.656 train_acc=0.614 dev_loss=0.698 dev_acc=0.473
[baseline] ep3 train_loss=0.522 train_acc=0.944 dev_loss=0.689 dev_acc=0.523
[baseline] ep4 train_loss=0.348 train_acc=0.952 dev_loss=0.742 dev_acc=0.542
[baseline] ep5 train_loss=0.169 train_acc=0.992 dev_loss=0.881 dev_acc=0.516
[baseline] ep6 train_loss=0.077 train_acc=1.000 dev_loss=1.103 dev_acc=0.542
[baseline] ep7 train_loss=0.045 train_acc=1.000 dev_loss=1.306 dev_acc=0.549
[baseline] ep8 train_loss=0.032 train_acc=1.000 dev_loss=1.406 dev_acc=0.552
[baseline] ep9 train_loss=0.027 train_acc=1.000 dev_loss=1.481 dev_acc=0.549
[baseline] ep10 train_loss=0.026 train_acc=1.000 dev_loss=1.498 dev_acc=0.552

===== group A =====
Loading weights:   0%|          | 0/199 [00:00<?, ?it/s]Loading weights: 100%|██████████| 199/199 [00:00<00:00, 41552.57it/s]
[transformers] [1mElectraForSequenceClassification LOAD REPORT[0m from: /Users/mac/Programming/code-2026/Middle-Eigen-function/models/models/google--electra-small-discriminator/snapshots/master
Key                                               | Status     | 
--------------------------------------------------+------------+-
discriminator_predictions.dense.bias              | UNEXPECTED | 
discriminator_predictions.dense.weight            | UNEXPECTED | 
discriminator_predictions.dense_prediction.bias   | UNEXPECTED | 
discriminator_predictions.dense_prediction.weight | UNEXPECTED | 
classifier.dense.bias                             | MISSING    | 
classifier.out_proj.bias                          | MISSING    | 
classifier.dense.weight                           | MISSING    | 
classifier.out_proj.weight                        | MISSING    | 

Notes:
- UNEXPECTED:	can be ignored when loading from different task/architecture; not ok if you expect identical arch.
- MISSING:	those params were newly initialized because missing from the checkpoint. Consider training on your downstream task.
[A] ep1 train_loss=0.691 train_acc=0.518 dev_loss=0.695 dev_acc=0.473
[A] ep2 train_loss=0.690 train_acc=0.518 dev_loss=0.701 dev_acc=0.473
[A] ep3 train_loss=0.686 train_acc=0.530 dev_loss=0.696 dev_acc=0.473
[A] ep4 train_loss=0.649 train_acc=0.699 dev_loss=0.702 dev_acc=0.473
[A] ep5 train_loss=0.487 train_acc=0.888 dev_loss=0.763 dev_acc=0.451
[A] ep6 train_loss=0.388 train_acc=0.904 dev_loss=0.832 dev_acc=0.484
[A] ep7 train_loss=0.321 train_acc=0.936 dev_loss=0.892 dev_acc=0.458
[A] ep8 train_loss=0.285 train_acc=0.944 dev_loss=0.931 dev_acc=0.487
[A] ep9 train_loss=0.293 train_acc=0.916 dev_loss=0.967 dev_acc=0.498
[A] ep10 train_loss=0.227 train_acc=0.960 dev_loss=1.054 dev_acc=0.462

===== group B =====
Loading weights:   0%|          | 0/199 [00:00<?, ?it/s]Loading weights: 100%|██████████| 199/199 [00:00<00:00, 42611.11it/s]
[transformers] [1mElectraForSequenceClassification LOAD REPORT[0m from: /Users/mac/Programming/code-2026/Middle-Eigen-function/models/models/google--electra-small-discriminator/snapshots/master
Key                                               | Status     | 
--------------------------------------------------+------------+-
discriminator_predictions.dense.bias              | UNEXPECTED | 
discriminator_predictions.dense.weight            | UNEXPECTED | 
discriminator_predictions.dense_prediction.bias   | UNEXPECTED | 
discriminator_predictions.dense_prediction.weight | UNEXPECTED | 
classifier.dense.bias                             | MISSING    | 
classifier.out_proj.bias                          | MISSING    | 
classifier.dense.weight                           | MISSING    | 
classifier.out_proj.weight                        | MISSING    | 

Notes:
- UNEXPECTED:	can be ignored when loading from different task/architecture; not ok if you expect identical arch.
- MISSING:	those params were newly initialized because missing from the checkpoint. Consider training on your downstream task.
[B] ep1 train_loss=0.692 train_acc=0.518 dev_loss=0.697 dev_acc=0.473
[B] ep2 train_loss=0.692 train_acc=0.518 dev_loss=0.698 dev_acc=0.473
[B] ep3 train_loss=0.692 train_acc=0.518 dev_loss=0.697 dev_acc=0.473
[B] ep4 train_loss=0.690 train_acc=0.518 dev_loss=0.696 dev_acc=0.473
[B] ep5 train_loss=0.680 train_acc=0.538 dev_loss=0.697 dev_acc=0.480
[B] ep6 train_loss=0.604 train_acc=0.763 dev_loss=0.722 dev_acc=0.480
[B] ep7 train_loss=0.508 train_acc=0.863 dev_loss=0.728 dev_acc=0.491
[B] ep8 train_loss=0.407 train_acc=0.924 dev_loss=0.777 dev_acc=0.509
[B] ep9 train_loss=0.357 train_acc=0.948 dev_loss=0.793 dev_acc=0.505
[B] ep10 train_loss=0.334 train_acc=0.952 dev_loss=0.818 dev_acc=0.509

===== group C =====
Loading weights:   0%|          | 0/199 [00:00<?, ?it/s]Loading weights: 100%|██████████| 199/199 [00:00<00:00, 36878.30it/s]
[transformers] [1mElectraForSequenceClassification LOAD REPORT[0m from: /Users/mac/Programming/code-2026/Middle-Eigen-function/models/models/google--electra-small-discriminator/snapshots/master
Key                                               | Status     | 
--------------------------------------------------+------------+-
discriminator_predictions.dense.bias              | UNEXPECTED | 
discriminator_predictions.dense.weight            | UNEXPECTED | 
discriminator_predictions.dense_prediction.bias   | UNEXPECTED | 
discriminator_predictions.dense_prediction.weight | UNEXPECTED | 
classifier.dense.bias                             | MISSING    | 
classifier.out_proj.bias                          | MISSING    | 
classifier.dense.weight                           | MISSING    | 
classifier.out_proj.weight                        | MISSING    | 

Notes:
- UNEXPECTED:	can be ignored when loading from different task/architecture; not ok if you expect identical arch.
- MISSING:	those params were newly initialized because missing from the checkpoint. Consider training on your downstream task.
[C] ep1 train_loss=0.688 train_acc=0.518 dev_loss=0.698 dev_acc=0.473
[C] ep2 train_loss=0.676 train_acc=0.695 dev_loss=0.695 dev_acc=0.469
[C] ep3 train_loss=0.658 train_acc=0.723 dev_loss=0.692 dev_acc=0.520
[C] ep4 train_loss=0.569 train_acc=0.747 dev_loss=0.701 dev_acc=0.520
[C] ep5 train_loss=0.375 train_acc=0.956 dev_loss=0.742 dev_acc=0.502
[C] ep6 train_loss=0.242 train_acc=0.992 dev_loss=0.790 dev_acc=0.516
[C] ep7 train_loss=0.166 train_acc=1.000 dev_loss=0.895 dev_acc=0.495
[C] ep8 train_loss=0.116 train_acc=1.000 dev_loss=1.003 dev_acc=0.495
[C] ep9 train_loss=0.094 train_acc=1.000 dev_loss=1.059 dev_acc=0.502
[C] ep10 train_loss=0.086 train_acc=1.000 dev_loss=1.072 dev_acc=0.520

final dev accuracy:
  baseline  dev_acc=0.552 (best ep 8) train_acc=1.000
  A         dev_acc=0.498 (best ep 9) train_acc=0.916
  B         dev_acc=0.509 (best ep 8) train_acc=0.924
  C         dev_acc=0.520 (best ep 3) train_acc=0.723
saved: outputs/stage3_electra
