device: mps
RTE sizes: train=2489 dev=277
RTE small-data train: 249 samples (10%)

===== group A_e =====
Loading weights:   0%|          | 0/199 [00:00<?, ?it/s]Loading weights: 100%|██████████| 199/199 [00:00<00:00, 7888.35it/s]
[transformers] [1mBertForSequenceClassification LOAD REPORT[0m from: /Users/mac/Programming/code-2026/Middle-Eigen-function/models/AI-ModelScope/bert-base-uncased
Key                                        | Status     | 
-------------------------------------------+------------+-
cls.predictions.transform.dense.weight     | UNEXPECTED | 
cls.seq_relationship.weight                | UNEXPECTED | 
cls.predictions.bias                       | UNEXPECTED | 
cls.predictions.transform.dense.bias       | UNEXPECTED | 
cls.predictions.transform.LayerNorm.weight | UNEXPECTED | 
cls.seq_relationship.bias                  | UNEXPECTED | 
cls.predictions.transform.LayerNorm.bias   | UNEXPECTED | 
classifier.bias                            | MISSING    | 
classifier.weight                          | MISSING    | 

Notes:
- UNEXPECTED:	can be ignored when loading from different task/architecture; not ok if you expect identical arch.
- MISSING:	those params were newly initialized because missing from the checkpoint. Consider training on your downstream task.
[A_e] ep1 train_loss=0.688 train_acc=0.538 dev_loss=0.705 dev_acc=0.473
[A_e] ep2 train_loss=0.666 train_acc=0.586 dev_loss=0.703 dev_acc=0.487
[A_e] ep3 train_loss=0.643 train_acc=0.627 dev_loss=0.722 dev_acc=0.487
[A_e] ep4 train_loss=0.597 train_acc=0.703 dev_loss=0.722 dev_acc=0.484
[A_e] ep5 train_loss=0.550 train_acc=0.743 dev_loss=0.763 dev_acc=0.455
[A_e] ep6 train_loss=0.500 train_acc=0.791 dev_loss=0.772 dev_acc=0.473
[A_e] ep7 train_loss=0.460 train_acc=0.831 dev_loss=0.792 dev_acc=0.455
[A_e] ep8 train_loss=0.443 train_acc=0.831 dev_loss=0.802 dev_acc=0.455

===== group B_e =====
Loading weights:   0%|          | 0/199 [00:00<?, ?it/s]Loading weights: 100%|██████████| 199/199 [00:00<00:00, 19492.90it/s]
[transformers] [1mBertForSequenceClassification LOAD REPORT[0m from: /Users/mac/Programming/code-2026/Middle-Eigen-function/models/AI-ModelScope/bert-base-uncased
Key                                        | Status     | 
-------------------------------------------+------------+-
cls.predictions.transform.dense.weight     | UNEXPECTED | 
cls.seq_relationship.weight                | UNEXPECTED | 
cls.predictions.bias                       | UNEXPECTED | 
cls.predictions.transform.dense.bias       | UNEXPECTED | 
cls.predictions.transform.LayerNorm.weight | UNEXPECTED | 
cls.seq_relationship.bias                  | UNEXPECTED | 
cls.predictions.transform.LayerNorm.bias   | UNEXPECTED | 
classifier.bias                            | MISSING    | 
classifier.weight                          | MISSING    | 

Notes:
- UNEXPECTED:	can be ignored when loading from different task/architecture; not ok if you expect identical arch.
- MISSING:	those params were newly initialized because missing from the checkpoint. Consider training on your downstream task.
[B_e] ep1 train_loss=0.679 train_acc=0.643 dev_loss=0.692 dev_acc=0.527
[B_e] ep2 train_loss=0.647 train_acc=0.667 dev_loss=0.688 dev_acc=0.552
[B_e] ep3 train_loss=0.573 train_acc=0.739 dev_loss=0.688 dev_acc=0.567
[B_e] ep4 train_loss=0.453 train_acc=0.815 dev_loss=0.723 dev_acc=0.563
[B_e] ep5 train_loss=0.322 train_acc=0.920 dev_loss=0.802 dev_acc=0.542
[B_e] ep6 train_loss=0.252 train_acc=0.944 dev_loss=0.874 dev_acc=0.552
[B_e] ep7 train_loss=0.242 train_acc=0.948 dev_loss=0.935 dev_acc=0.542
[B_e] ep8 train_loss=0.186 train_acc=0.968 dev_loss=0.918 dev_acc=0.545
/Users/mac/Programming/code-2026/Middle-Eigen-function/scripts/stage3_ablate_train.py:228: UserWarning: linestyle is redundantly defined by the 'linestyle' keyword argument and the fmt string "o-" (-> linestyle='-'). The keyword argument will take precedence.
  axes[0].plot([h["epoch"] for h in r["history"]], [h["dev_acc"] for h in r["history"]],
/Users/mac/Programming/code-2026/Middle-Eigen-function/scripts/stage3_ablate_train.py:230: UserWarning: linestyle is redundantly defined by the 'linestyle' keyword argument and the fmt string "o-" (-> linestyle='-'). The keyword argument will take precedence.
  axes[1].plot([h["epoch"] for h in r["history"]], [h["train_loss"] for h in r["history"]],

final dev accuracy:
  A_e       dev_acc=0.487 (best ep 2) train_acc=0.586
  B_e       dev_acc=0.567 (best ep 3) train_acc=0.739
saved: outputs/stage3_energy
