device: mps
Loading weights:   0%|          | 0/199 [00:00<?, ?it/s]Loading weights: 100%|██████████| 199/199 [00:00<00:00, 16229.18it/s]
[transformers] [1mBertForSequenceClassification LOAD REPORT[0m from: /Users/mac/Programming/code-2026/Middle-Eigen-function/models/AI-ModelScope/bert-base-uncased
Key                                        | Status     | 
-------------------------------------------+------------+-
cls.predictions.transform.dense.bias       | UNEXPECTED | 
cls.predictions.bias                       | UNEXPECTED | 
cls.predictions.transform.LayerNorm.bias   | UNEXPECTED | 
cls.predictions.transform.LayerNorm.weight | UNEXPECTED | 
cls.predictions.transform.dense.weight     | UNEXPECTED | 
cls.seq_relationship.weight                | UNEXPECTED | 
cls.seq_relationship.bias                  | UNEXPECTED | 
classifier.bias                            | MISSING    | 
classifier.weight                          | MISSING    | 

Notes:
- UNEXPECTED:	can be ignored when loading from different task/architecture; not ok if you expect identical arch.
- MISSING:	those params were newly initialized because missing from the checkpoint. Consider training on your downstream task.
init output-equivalence max|Δlogit| = 0.00e+00

===== expand_recruit =====
Loading weights:   0%|          | 0/199 [00:00<?, ?it/s]Loading weights: 100%|██████████| 199/199 [00:00<00:00, 17049.32it/s]
[transformers] [1mBertForSequenceClassification LOAD REPORT[0m from: /Users/mac/Programming/code-2026/Middle-Eigen-function/models/AI-ModelScope/bert-base-uncased
Key                                        | Status     | 
-------------------------------------------+------------+-
cls.predictions.transform.dense.bias       | UNEXPECTED | 
cls.predictions.bias                       | UNEXPECTED | 
cls.predictions.transform.LayerNorm.bias   | UNEXPECTED | 
cls.predictions.transform.LayerNorm.weight | UNEXPECTED | 
cls.predictions.transform.dense.weight     | UNEXPECTED | 
cls.seq_relationship.weight                | UNEXPECTED | 
cls.seq_relationship.bias                  | UNEXPECTED | 
classifier.bias                            | MISSING    | 
classifier.weight                          | MISSING    | 

Notes:
- UNEXPECTED:	can be ignored when loading from different task/architecture; not ok if you expect identical arch.
- MISSING:	those params were newly initialized because missing from the checkpoint. Consider training on your downstream task.
RTE sizes: train=2489 dev=277
RTE small-data train: 249 samples (10%)
[expand_recruit] ep1 train_loss=0.665 train_acc=0.582 dev_loss=0.696 dev_acc=0.462
[expand_recruit] ep2 train_loss=0.571 train_acc=0.795 dev_loss=0.703 dev_acc=0.480
[expand_recruit] ep3 train_loss=0.434 train_acc=0.956 dev_loss=0.696 dev_acc=0.520
[expand_recruit] ep4 train_loss=0.273 train_acc=0.984 dev_loss=0.756 dev_acc=0.523
[expand_recruit] ep5 train_loss=0.115 train_acc=0.992 dev_loss=0.834 dev_acc=0.520
[expand_recruit] ep6 train_loss=0.046 train_acc=0.996 dev_loss=1.033 dev_acc=0.560
[expand_recruit] ep7 train_loss=0.024 train_acc=0.996 dev_loss=1.247 dev_acc=0.556
[expand_recruit] ep8 train_loss=0.015 train_acc=0.996 dev_loss=1.491 dev_acc=0.538
/Users/mac/Programming/code-2026/Middle-Eigen-function/scripts/stage6_expand.py:63: UserWarning: Converting a tensor with requires_grad=True to a scalar may lead to unexpected behavior.
Consider using tensor.detach() first. (Triggered internally at /Users/runner/work/pytorch/pytorch/torch/csrc/autograd/generated/python_variable_methods.cpp:821.)
  return {f"layer.{i}": float(torch.tanh(l.alpha).abs())
{"expand_recruit": 0.56}

===== expand_frozen =====
Loading weights:   0%|          | 0/199 [00:00<?, ?it/s]Loading weights: 100%|██████████| 199/199 [00:00<00:00, 8756.56it/s]
[transformers] [1mBertForSequenceClassification LOAD REPORT[0m from: /Users/mac/Programming/code-2026/Middle-Eigen-function/models/AI-ModelScope/bert-base-uncased
Key                                        | Status     | 
-------------------------------------------+------------+-
cls.predictions.transform.dense.bias       | UNEXPECTED | 
cls.predictions.bias                       | UNEXPECTED | 
cls.predictions.transform.LayerNorm.bias   | UNEXPECTED | 
cls.predictions.transform.LayerNorm.weight | UNEXPECTED | 
cls.predictions.transform.dense.weight     | UNEXPECTED | 
cls.seq_relationship.weight                | UNEXPECTED | 
cls.seq_relationship.bias                  | UNEXPECTED | 
classifier.bias                            | MISSING    | 
classifier.weight                          | MISSING    | 

Notes:
- UNEXPECTED:	can be ignored when loading from different task/architecture; not ok if you expect identical arch.
- MISSING:	those params were newly initialized because missing from the checkpoint. Consider training on your downstream task.
RTE sizes: train=2489 dev=277
RTE small-data train: 249 samples (10%)
[expand_frozen] ep1 train_loss=0.663 train_acc=0.631 dev_loss=0.694 dev_acc=0.466
[expand_frozen] ep2 train_loss=0.594 train_acc=0.803 dev_loss=0.694 dev_acc=0.480
[expand_frozen] ep3 train_loss=0.480 train_acc=0.904 dev_loss=0.688 dev_acc=0.570
[expand_frozen] ep4 train_loss=0.310 train_acc=0.976 dev_loss=0.759 dev_acc=0.534
[expand_frozen] ep5 train_loss=0.160 train_acc=0.988 dev_loss=0.817 dev_acc=0.527
[expand_frozen] ep6 train_loss=0.065 train_acc=0.992 dev_loss=0.950 dev_acc=0.563
[expand_frozen] ep7 train_loss=0.036 train_acc=0.992 dev_loss=1.243 dev_acc=0.570
[expand_frozen] ep8 train_loss=0.032 train_acc=0.988 dev_loss=1.414 dev_acc=0.556
Traceback (most recent call last):
  File "/Users/mac/Programming/code-2026/Middle-Eigen-function/scripts/stage6_expand.py", line 158, in <module>
    sys.exit(main())
             ~~~~^^
  File "/Users/mac/Programming/code-2026/Middle-Eigen-function/scripts/stage6_expand.py", line 150, in main
    results[g] = train_group(g, device)
                 ~~~~~~~~~~~^^^^^^^^^^^
  File "/Users/mac/Programming/code-2026/Middle-Eigen-function/scripts/stage6_expand.py", line 114, in train_group
    "gates": gate_growth(model),
             ~~~~~~~~~~~^^^^^^^
  File "/Users/mac/Programming/code-2026/Middle-Eigen-function/scripts/stage6_expand.py", line 63, in gate_growth
    return {f"layer.{i}": float(torch.tanh(l.alpha).abs())
                                           ^^^^^^^
  File "/Users/mac/Programming/code-2026/Middle-Eigen-function/.venv/lib/python3.14/site-packages/torch/nn/modules/module.py", line 1972, in __getattr__
    raise AttributeError(
        f"'{type(self).__name__}' object has no attribute '{name}'"
    )
AttributeError: 'GatedTwin' object has no attribute 'alpha'
