device: mps
RTE sizes: train=2489 dev=277
RTE small-data train: 249 samples (10%)

===== group baseline =====
Loading weights:   0%|          | 0/100 [00:00<?, ?it/s]Loading weights: 100%|██████████| 100/100 [00:00<00:00, 20296.66it/s]
[transformers] [1mDistilBertForSequenceClassification LOAD REPORT[0m from: /Users/mac/Programming/code-2026/Middle-Eigen-function/models/models/AI-ModelScope--distilbert-base-uncased/snapshots/master
Key                     | Status     | 
------------------------+------------+-
vocab_transform.bias    | UNEXPECTED | 
vocab_layer_norm.bias   | UNEXPECTED | 
vocab_transform.weight  | UNEXPECTED | 
vocab_projector.bias    | UNEXPECTED | 
vocab_layer_norm.weight | UNEXPECTED | 
classifier.weight       | MISSING    | 
pre_classifier.weight   | MISSING    | 
classifier.bias         | MISSING    | 
pre_classifier.bias     | MISSING    | 

Notes:
- UNEXPECTED:	can be ignored when loading from different task/architecture; not ok if you expect identical arch.
- MISSING:	those params were newly initialized because missing from the checkpoint. Consider training on your downstream task.
[baseline] ep1 train_loss=0.679 train_acc=0.691 dev_loss=0.695 dev_acc=0.498
[baseline] ep2 train_loss=0.659 train_acc=0.731 dev_loss=0.698 dev_acc=0.473
[baseline] ep3 train_loss=0.623 train_acc=0.823 dev_loss=0.701 dev_acc=0.469
[baseline] ep4 train_loss=0.568 train_acc=0.876 dev_loss=0.706 dev_acc=0.469
[baseline] ep5 train_loss=0.504 train_acc=0.932 dev_loss=0.716 dev_acc=0.484
[baseline] ep6 train_loss=0.446 train_acc=0.948 dev_loss=0.725 dev_acc=0.484
[baseline] ep7 train_loss=0.407 train_acc=0.956 dev_loss=0.733 dev_acc=0.480
[baseline] ep8 train_loss=0.393 train_acc=0.960 dev_loss=0.735 dev_acc=0.502

===== group A =====
Loading weights:   0%|          | 0/100 [00:00<?, ?it/s]Loading weights: 100%|██████████| 100/100 [00:00<00:00, 23072.25it/s]
[transformers] [1mDistilBertForSequenceClassification LOAD REPORT[0m from: /Users/mac/Programming/code-2026/Middle-Eigen-function/models/models/AI-ModelScope--distilbert-base-uncased/snapshots/master
Key                     | Status     | 
------------------------+------------+-
vocab_transform.bias    | UNEXPECTED | 
vocab_layer_norm.bias   | UNEXPECTED | 
vocab_transform.weight  | UNEXPECTED | 
vocab_projector.bias    | UNEXPECTED | 
vocab_layer_norm.weight | UNEXPECTED | 
classifier.weight       | MISSING    | 
pre_classifier.weight   | MISSING    | 
classifier.bias         | MISSING    | 
pre_classifier.bias     | MISSING    | 

Notes:
- UNEXPECTED:	can be ignored when loading from different task/architecture; not ok if you expect identical arch.
- MISSING:	those params were newly initialized because missing from the checkpoint. Consider training on your downstream task.
[A] ep1 train_loss=0.686 train_acc=0.518 dev_loss=0.697 dev_acc=0.473
[A] ep2 train_loss=0.680 train_acc=0.518 dev_loss=0.701 dev_acc=0.473
[A] ep3 train_loss=0.658 train_acc=0.727 dev_loss=0.700 dev_acc=0.462
[A] ep4 train_loss=0.611 train_acc=0.759 dev_loss=0.708 dev_acc=0.462
[A] ep5 train_loss=0.532 train_acc=0.819 dev_loss=0.729 dev_acc=0.477
[A] ep6 train_loss=0.445 train_acc=0.859 dev_loss=0.765 dev_acc=0.477
[A] ep7 train_loss=0.386 train_acc=0.884 dev_loss=0.784 dev_acc=0.502
[A] ep8 train_loss=0.370 train_acc=0.912 dev_loss=0.785 dev_acc=0.491

===== group B =====
Loading weights:   0%|          | 0/100 [00:00<?, ?it/s]Loading weights: 100%|██████████| 100/100 [00:00<00:00, 33420.75it/s]
[transformers] [1mDistilBertForSequenceClassification LOAD REPORT[0m from: /Users/mac/Programming/code-2026/Middle-Eigen-function/models/models/AI-ModelScope--distilbert-base-uncased/snapshots/master
Key                     | Status     | 
------------------------+------------+-
vocab_transform.bias    | UNEXPECTED | 
vocab_layer_norm.bias   | UNEXPECTED | 
vocab_transform.weight  | UNEXPECTED | 
vocab_projector.bias    | UNEXPECTED | 
vocab_layer_norm.weight | UNEXPECTED | 
classifier.weight       | MISSING    | 
pre_classifier.weight   | MISSING    | 
classifier.bias         | MISSING    | 
pre_classifier.bias     | MISSING    | 

Notes:
- UNEXPECTED:	can be ignored when loading from different task/architecture; not ok if you expect identical arch.
- MISSING:	those params were newly initialized because missing from the checkpoint. Consider training on your downstream task.
[B] ep1 train_loss=0.691 train_acc=0.518 dev_loss=0.708 dev_acc=0.473
[B] ep2 train_loss=0.685 train_acc=0.518 dev_loss=0.699 dev_acc=0.473
[B] ep3 train_loss=0.676 train_acc=0.663 dev_loss=0.699 dev_acc=0.466
[B] ep4 train_loss=0.642 train_acc=0.659 dev_loss=0.720 dev_acc=0.462
[B] ep5 train_loss=0.589 train_acc=0.707 dev_loss=0.733 dev_acc=0.498
[B] ep6 train_loss=0.525 train_acc=0.775 dev_loss=0.781 dev_acc=0.469
[B] ep7 train_loss=0.478 train_acc=0.823 dev_loss=0.811 dev_acc=0.469
[B] ep8 train_loss=0.464 train_acc=0.835 dev_loss=0.793 dev_acc=0.491

===== group C =====
Loading weights:   0%|          | 0/100 [00:00<?, ?it/s]Loading weights: 100%|██████████| 100/100 [00:00<00:00, 18567.08it/s]
[transformers] [1mDistilBertForSequenceClassification LOAD REPORT[0m from: /Users/mac/Programming/code-2026/Middle-Eigen-function/models/models/AI-ModelScope--distilbert-base-uncased/snapshots/master
Key                     | Status     | 
------------------------+------------+-
vocab_transform.bias    | UNEXPECTED | 
vocab_layer_norm.bias   | UNEXPECTED | 
vocab_transform.weight  | UNEXPECTED | 
vocab_projector.bias    | UNEXPECTED | 
vocab_layer_norm.weight | UNEXPECTED | 
classifier.weight       | MISSING    | 
pre_classifier.weight   | MISSING    | 
classifier.bias         | MISSING    | 
pre_classifier.bias     | MISSING    | 

Notes:
- UNEXPECTED:	can be ignored when loading from different task/architecture; not ok if you expect identical arch.
- MISSING:	those params were newly initialized because missing from the checkpoint. Consider training on your downstream task.
[C] ep1 train_loss=0.697 train_acc=0.518 dev_loss=0.718 dev_acc=0.473
[C] ep2 train_loss=0.686 train_acc=0.534 dev_loss=0.693 dev_acc=0.516
[C] ep3 train_loss=0.662 train_acc=0.715 dev_loss=0.698 dev_acc=0.484
[C] ep4 train_loss=0.620 train_acc=0.707 dev_loss=0.710 dev_acc=0.484
[C] ep5 train_loss=0.578 train_acc=0.747 dev_loss=0.718 dev_acc=0.502
[C] ep6 train_loss=0.512 train_acc=0.783 dev_loss=0.743 dev_acc=0.495
[C] ep7 train_loss=0.462 train_acc=0.843 dev_loss=0.763 dev_acc=0.498
[C] ep8 train_loss=0.461 train_acc=0.807 dev_loss=0.770 dev_acc=0.505

final dev accuracy:
  baseline  dev_acc=0.502 (best ep 8) train_acc=0.960
  A         dev_acc=0.502 (best ep 7) train_acc=0.884
  B         dev_acc=0.498 (best ep 5) train_acc=0.707
  C         dev_acc=0.516 (best ep 2) train_acc=0.534
saved: outputs/stage3_distilbert
